{
  "setting1" : "Another value",
  "setting2" : 300,
  "setting3" : "none",
  "key1" : "value1",
  "numbers1" : [ 1, 2, 3, 4 ],
  "numbers2" : [ 22, 33, 44, 55 ],
  "id" : null,
  "default" : [ "value1", "value2" ],
  "checked" : true,
  "numbers3" : [ 3, 4, 5 ],
  "chars1" : [ "a", "b", "c" ],
  "chars2" : false,
  "key2" : "value2",
  "numbers4" : [ 4, 5, 6 ],
  "obj1" : {
    "nestedKey" : "value",
    "isNested" : true
  }
}